// Jest Snapshot v1, https://goo.gl/fbAQLP

exports[`About component matches snapshot 1`] = `
<orionlabs-about>
  #shadow-root(open)
    <div
      class="w-1/2 mx-auto text-gray-700"
    >
      <h2
        class="text-3xl text-center my-4"
      >
        About
      </h2>
      <p
        class="mb-2 text-xl"
      >
        Lorem, ipsum dolor sit amet consectetur adipisicing elit. In magnam sit laboriosam debitis, distinctio maxime obcaecati amet placeat repellendus ut excepturi exercitationem, non id soluta, facere earum? Tenetur, maxime assumenda.
      </p>
      <p
        class="mb-2 text-xl"
      >
        Fusce commodo aliquam arcu. Quisque rutrum. Nulla porta dolor. Etiam rhoncus. Nullam nulla eros, ultricies sit amet, nonummy id, imperdiet feugiat, pede. Suspendisse eu ligula. Proin pretium, leo ac pellentesque mollis, felis nunc ultrices eros, sed gravida augue augue mollis justo. Donec mi odio, faucibus at, scelerisque quis, convallis in, nisi.
      </p>
      <p
        class="mb-2 text-xl"
      >
        Mauris turpis nunc, blandit et, volutpat molestie, porta ut, ligula. Nulla consequat massa quis enim. Aenean posuere, tortor sed cursus feugiat, nunc augue blandit nunc, eu sollicitudin urna dolor sagittis lacus. Praesent nonummy mi in odio. Pellentesque libero tortor, tincidunt et, tincidunt eget, semper nec, quam. Donec vitae orci sed dolor rutrum auctor. Curabitur nisi. Curabitur a felis in nunc fringilla tristique.
      </p>
    </div>
</orionlabs-about>
`;
