// Jest Snapshot v1, https://goo.gl/fbAQLP

exports[`NavLink component renders 1`] = `
<orionlabs-nav-link>
  #shadow-root(open)
    <a
      class="text-xl hover:text-white"
    />
</orionlabs-nav-link>
`;
